// Jest Snapshot v1, https://goo.gl/fbAQLP

exports[`Electric Cinema Portobello retrieve and transform 1`] = `
[
  {
    "overview": {
      "actors": [],
      "categories": [],
      "certification": "U",
      "directors": [
        "James Bobin",
      ],
      "year": "2014",
    },
    "performances": [
      {
        "bookingUrl": "https://www.electriccinema.co.uk/tickets/770532",
        "notes": "Electric Kids Club",
        "screen": "1",
        "time": 1737795600000,
      },
    ],
    "title": "Muppets Most Wanted",
    "url": "https://www.electriccinema.co.uk/film/muppets-most-wanted/",
  },
  {
    "overview": {
      "actors": [],
      "categories": [],
      "certification": "15",
      "directors": [
        "Jesse Eisenberg",
      ],
      "year": "2024",
    },
    "performances": [
      {
        "bookingUrl": "https://www.electriccinema.co.uk/tickets/771094",
        "notes": "Main Feature",
        "screen": "1",
        "time": 1737816300000,
      },
      {
        "bookingUrl": "https://www.electriccinema.co.uk/tickets/771206",
        "notes": "Electric Subtitled",
        "screen": "1",
        "time": 1737988200000,
      },
    ],
    "title": "A Real Pain",
    "url": "https://www.electriccinema.co.uk/film/a-real-pain/",
  },
  {
    "overview": {
      "actors": [],
      "categories": [],
      "certification": "18",
      "directors": [],
      "year": "2024",
    },
    "performances": [
      {
        "bookingUrl": "https://www.electriccinema.co.uk/film/babygirl/",
        "notes": "Main Feature",
        "screen": "1",
        "time": 1737665100000,
      },
      {
        "bookingUrl": "https://www.electriccinema.co.uk/tickets/771205",
        "notes": "Electric Scream!",
        "screen": "1",
        "time": 1737976500000,
      },
      {
        "bookingUrl": "https://www.electriccinema.co.uk/tickets/771202",
        "notes": "Main Feature",
        "screen": "1",
        "time": 1738184400000,
      },
    ],
    "title": "Babygirl",
    "url": "https://www.electriccinema.co.uk/film/babygirl/",
  },
  {
    "overview": {
      "actors": [],
      "categories": [],
      "certification": "15",
      "directors": [
        "James Mangold",
      ],
      "year": "2024",
    },
    "performances": [
      {
        "bookingUrl": "https://www.electriccinema.co.uk/film/a-complete-unknown/",
        "notes": "Main Feature",
        "screen": "1",
        "time": 1737652500000,
      },
      {
        "bookingUrl": "https://www.electriccinema.co.uk/film/a-complete-unknown/",
        "notes": "Main Feature",
        "screen": "1",
        "time": 1737739800000,
      },
      {
        "bookingUrl": "https://www.electriccinema.co.uk/film/a-complete-unknown/",
        "notes": "Main Feature",
        "screen": "1",
        "time": 1737752400000,
      },
      {
        "bookingUrl": "https://www.electriccinema.co.uk/film/a-complete-unknown/",
        "notes": "Main Feature",
        "screen": "1",
        "time": 1737826200000,
      },
      {
        "bookingUrl": "https://www.electriccinema.co.uk/tickets/771093",
        "notes": "Main Feature",
        "screen": "1",
        "time": 1737838800000,
      },
      {
        "bookingUrl": "https://www.electriccinema.co.uk/tickets/770535",
        "notes": "Main Feature",
        "screen": "1",
        "time": 1737898200000,
      },
      {
        "bookingUrl": "https://www.electriccinema.co.uk/film/a-complete-unknown/",
        "notes": "Main Feature",
        "screen": "1",
        "time": 1737910200000,
      },
      {
        "bookingUrl": "https://www.electriccinema.co.uk/tickets/771095",
        "notes": "Main Feature",
        "screen": "1",
        "time": 1737922500000,
      },
      {
        "bookingUrl": "https://www.electriccinema.co.uk/tickets/771197",
        "notes": "Main Feature",
        "screen": "1",
        "time": 1737999000000,
      },
      {
        "bookingUrl": "https://www.electriccinema.co.uk/tickets/771198",
        "notes": "Main Feature",
        "screen": "1",
        "time": 1738011600000,
      },
      {
        "bookingUrl": "https://www.electriccinema.co.uk/tickets/771199",
        "notes": "Electric Subtitled",
        "screen": "1",
        "time": 1738085400000,
      },
      {
        "bookingUrl": "https://www.electriccinema.co.uk/tickets/771200",
        "notes": "Main Feature",
        "screen": "1",
        "time": 1738098000000,
      },
      {
        "bookingUrl": "https://www.electriccinema.co.uk/tickets/771201",
        "notes": "Main Feature",
        "screen": "1",
        "time": 1738171800000,
      },
      {
        "bookingUrl": "https://www.electriccinema.co.uk/tickets/771203",
        "notes": "Main Feature",
        "screen": "1",
        "time": 1738258200000,
      },
      {
        "bookingUrl": "https://www.electriccinema.co.uk/tickets/771204",
        "notes": "Main Feature",
        "screen": "1",
        "time": 1738270800000,
      },
    ],
    "title": "A Complete Unknown",
    "url": "https://www.electriccinema.co.uk/film/a-complete-unknown/",
  },
  {
    "overview": {
      "actors": [],
      "categories": [],
      "certification": "18",
      "directors": [
        "Brady Corbet",
      ],
      "year": "2025",
    },
    "performances": [
      {
        "bookingUrl": "https://www.electriccinema.co.uk/tickets/771160",
        "notes": "Main Feature",
        "screen": "1",
        "time": 1738351800000,
      },
      {
        "bookingUrl": "https://www.electriccinema.co.uk/film/the-brutalist/",
        "notes": "Main Feature",
        "screen": "1",
        "time": 1738434600000,
      },
      {
        "bookingUrl": "https://www.electriccinema.co.uk/film/the-brutalist/",
        "notes": "Main Feature",
        "screen": "1",
        "time": 1738507500000,
      },
      {
        "bookingUrl": "https://www.electriccinema.co.uk/tickets/771161",
        "notes": "Main Feature",
        "screen": "1",
        "time": 1738607400000,
      },
      {
        "bookingUrl": "https://www.electriccinema.co.uk/film/the-brutalist/",
        "notes": "Electric Subtitled",
        "screen": "1",
        "time": 1738693800000,
      },
      {
        "bookingUrl": "https://www.electriccinema.co.uk/tickets/771163",
        "notes": "Main Feature",
        "screen": "1",
        "time": 1738780200000,
      },
      {
        "bookingUrl": "https://www.electriccinema.co.uk/tickets/771164",
        "notes": "Main Feature",
        "screen": "1",
        "time": 1738866600000,
      },
    ],
    "title": "The Brutalist",
    "url": "https://www.electriccinema.co.uk/film/the-brutalist/",
  },
  {
    "overview": {
      "actors": [],
      "categories": [],
      "directors": [
        "Michael Morris",
      ],
      "year": "2025",
    },
    "performances": [
      {
        "bookingUrl": "https://www.electriccinema.co.uk/film/bridget-jones-mad-about-the-boy/",
        "notes": "Main Feature",
        "screen": "1",
        "time": 1739543400000,
      },
      {
        "bookingUrl": "https://www.electriccinema.co.uk/film/bridget-jones-mad-about-the-boy/",
        "notes": "Main Feature",
        "screen": "1",
        "time": 1739555100000,
      },
      {
        "bookingUrl": "https://www.electriccinema.co.uk/film/bridget-jones-mad-about-the-boy/",
        "notes": "Main Feature",
        "screen": "1",
        "time": 1739567700000,
      },
      {
        "bookingUrl": "https://www.electriccinema.co.uk/film/bridget-jones-mad-about-the-boy/",
        "notes": "Main Feature",
        "screen": "1",
        "time": 1739630700000,
      },
      {
        "bookingUrl": "https://www.electriccinema.co.uk/film/bridget-jones-mad-about-the-boy/",
        "notes": "Main Feature",
        "screen": "1",
        "time": 1739642400000,
      },
      {
        "bookingUrl": "https://www.electriccinema.co.uk/film/bridget-jones-mad-about-the-boy/",
        "notes": "Main Feature",
        "screen": "1",
        "time": 1739654100000,
      },
      {
        "bookingUrl": "https://www.electriccinema.co.uk/film/bridget-jones-mad-about-the-boy/",
        "notes": "Main Feature",
        "screen": "1",
        "time": 1739711700000,
      },
      {
        "bookingUrl": "https://www.electriccinema.co.uk/film/bridget-jones-mad-about-the-boy/",
        "notes": "Main Feature",
        "screen": "1",
        "time": 1739723400000,
      },
      {
        "bookingUrl": "https://www.electriccinema.co.uk/film/bridget-jones-mad-about-the-boy/",
        "notes": "Main Feature",
        "screen": "1",
        "time": 1739735100000,
      },
    ],
    "title": "Bridget Jones: Mad About the Boy",
    "url": "https://www.electriccinema.co.uk/film/bridget-jones-mad-about-the-boy/",
  },
]
`;
