// Jest Snapshot v1, https://goo.gl/fbAQLP

exports[`Curzon Hoxton retrieve and transform 1`] = `
[
  {
    "overview": {
      "actors": [
        "Timothée Chalamet",
        "Norbert Leo Butz",
        "Dan Fogler",
        "Monica Barbaro",
        "Scoot McNairy",
        "Boyd Holbrook",
        "Edward Norton",
        "Elle Fanning",
      ],
      "categories": [
        "Drama",
      ],
      "certification": "15",
      "directors": [
        "James Mangold",
      ],
      "duration": 8460000,
      "trailer": "https://www.youtube.com/watch?v=Nsvexi2Ulbs",
    },
    "performances": [
      {
        "bookingUrl": "https://www.curzon.com/ticketing/seats/HOX1-20017/",
        "notes": "",
        "screen": "Screen 3",
        "time": 1737663000000,
      },
      {
        "bookingUrl": "https://www.curzon.com/ticketing/seats/HOX1-20120/",
        "notes": "",
        "screen": "Screen 1",
        "time": 1737718200000,
      },
      {
        "bookingUrl": "https://www.curzon.com/ticketing/seats/HOX1-20188/",
        "notes": "",
        "screen": "Screen 2",
        "time": 1737728400000,
      },
      {
        "bookingUrl": "https://www.curzon.com/ticketing/seats/HOX1-20187/",
        "notes": "",
        "screen": "Screen 2",
        "time": 1737739800000,
      },
      {
        "bookingUrl": "https://www.curzon.com/ticketing/seats/HOX1-20186/",
        "notes": "",
        "screen": "Screen 2",
        "time": 1737751200000,
      },
      {
        "bookingUrl": "https://www.curzon.com/ticketing/seats/HOX1-20134/",
        "notes": "",
        "screen": "Screen 2",
        "time": 1737814800000,
      },
      {
        "bookingUrl": "https://www.curzon.com/ticketing/seats/HOX1-20135/",
        "notes": "",
        "screen": "Screen 2",
        "time": 1737826200000,
      },
      {
        "bookingUrl": "https://www.curzon.com/ticketing/seats/HOX1-20136/",
        "notes": "",
        "screen": "Screen 2",
        "time": 1737837600000,
      },
      {
        "bookingUrl": "https://www.curzon.com/ticketing/seats/HOX1-20143/",
        "notes": "",
        "screen": "Screen 2",
        "time": 1737900000000,
      },
      {
        "bookingUrl": "https://www.curzon.com/ticketing/seats/HOX1-20144/",
        "notes": "",
        "screen": "Screen 2",
        "time": 1737911400000,
      },
      {
        "bookingUrl": "https://www.curzon.com/ticketing/seats/HOX1-20145/",
        "notes": "",
        "screen": "Screen 2",
        "time": 1737922800000,
      },
      {
        "bookingUrl": "https://www.curzon.com/ticketing/seats/HOX1-20155/",
        "notes": "",
        "screen": "Screen 1",
        "time": 1737978000000,
      },
      {
        "bookingUrl": "https://www.curzon.com/ticketing/seats/HOX1-20152/",
        "notes": "",
        "screen": "Screen 2",
        "time": 1737987600000,
      },
      {
        "bookingUrl": "https://www.curzon.com/ticketing/seats/HOX1-20153/",
        "notes": "",
        "screen": "Screen 2",
        "time": 1737999000000,
      },
      {
        "bookingUrl": "https://www.curzon.com/ticketing/seats/HOX1-20154/",
        "notes": "",
        "screen": "Screen 2",
        "time": 1738010400000,
      },
      {
        "bookingUrl": "https://www.curzon.com/ticketing/seats/HOX1-20164/",
        "notes": "Baby Club: Regular screenings for parents and guardians with babies under12 months old, with reduced volume and increased lighting. For babies up to 12 months old are free of charge. Where the certificate is U, PG or 12A, older children may also attend although a baby (0-12 months) is still required.

Adults without a baby will not be allowed to purchase a ticket to a ‘Baby Club’ screening.",
        "screen": "Screen 2",
        "time": 1738062000000,
      },
      {
        "bookingUrl": "https://www.curzon.com/ticketing/seats/HOX1-20161/",
        "notes": "",
        "screen": "Screen 2",
        "time": 1738074000000,
      },
      {
        "bookingUrl": "https://www.curzon.com/ticketing/seats/HOX1-20162/",
        "notes": "",
        "screen": "Screen 2",
        "time": 1738085400000,
      },
      {
        "bookingUrl": "https://www.curzon.com/ticketing/seats/HOX1-20163/",
        "notes": "",
        "screen": "Screen 2",
        "time": 1738096800000,
      },
      {
        "bookingUrl": "https://www.curzon.com/ticketing/seats/HOX1-20173/",
        "notes": "Relaxed: Weekly screenings for people on the autism spectrum and their families, with reduced volume levels, increased lighting, extra signage, relaxed seating arrangements, sensory-friendly amenities and designated quiet spaces.",
        "screen": "Screen 1",
        "time": 1738151400000,
      },
      {
        "bookingUrl": "https://www.curzon.com/ticketing/seats/HOX1-20170/",
        "notes": "",
        "screen": "Screen 2",
        "time": 1738160400000,
      },
      {
        "bookingUrl": "https://www.curzon.com/ticketing/seats/HOX1-20171/",
        "notes": "",
        "screen": "Screen 2",
        "time": 1738171800000,
      },
      {
        "bookingUrl": "https://www.curzon.com/ticketing/seats/HOX1-20172/",
        "notes": "",
        "screen": "Screen 2",
        "time": 1738183200000,
      },
      {
        "bookingUrl": "https://www.curzon.com/ticketing/seats/HOX1-20177/",
        "notes": "",
        "screen": "Screen 1",
        "time": 1738237200000,
      },
      {
        "bookingUrl": "https://www.curzon.com/ticketing/seats/HOX1-20180/",
        "notes": "",
        "screen": "Screen 2",
        "time": 1738246800000,
      },
      {
        "bookingUrl": "https://www.curzon.com/ticketing/seats/HOX1-20179/",
        "notes": "",
        "screen": "Screen 2",
        "time": 1738258200000,
      },
      {
        "bookingUrl": "https://www.curzon.com/ticketing/seats/HOX1-20178/",
        "notes": "",
        "screen": "Screen 2",
        "time": 1738269600000,
      },
    ],
    "title": "A Complete Unknown",
    "url": "https://www.curzon.com/films/a-complete-unknown/HO00005874/?siteId=HOX1",
  },
  {
    "overview": {
      "actors": [
        "Simon McBurney",
        "Nicholas Hoult",
        "Ralph Ineson",
        "Willem Dafoe",
        "Aaron Taylor-Johnson",
        "Emma Corrin",
        "Bill Skarsgård",
        "Lily-Rose Depp",
      ],
      "categories": [
        "Drama",
        "Fantasy",
        "Horror",
      ],
      "certification": "15",
      "directors": [
        "Robert Eggers",
      ],
      "duration": 7920000,
      "trailer": "https://www.youtube.com/watch?v=Px6S0RxfAHg",
    },
    "performances": [
      {
        "bookingUrl": "https://www.curzon.com/ticketing/seats/HOX1-20026/",
        "notes": "",
        "screen": "Screen 2",
        "time": 1737664800000,
      },
      {
        "bookingUrl": "https://www.curzon.com/ticketing/seats/HOX1-20133/",
        "notes": "",
        "screen": "Screen 3",
        "time": 1737838800000,
      },
      {
        "bookingUrl": "https://www.curzon.com/ticketing/seats/HOX1-20139/",
        "notes": "",
        "screen": "Screen 3",
        "time": 1737903600000,
      },
      {
        "bookingUrl": "https://www.curzon.com/ticketing/seats/HOX1-20148/",
        "notes": "",
        "screen": "Screen 3",
        "time": 1738011600000,
      },
      {
        "bookingUrl": "https://www.curzon.com/ticketing/seats/HOX1-20157/",
        "notes": "Closed Captioned: Closed Captioned screening for Hard of Hearing",
        "screen": "Screen 3",
        "time": 1738077600000,
      },
      {
        "bookingUrl": "https://www.curzon.com/ticketing/seats/HOX1-20166/",
        "notes": "",
        "screen": "Screen 3",
        "time": 1738155000000,
      },
      {
        "bookingUrl": "https://www.curzon.com/ticketing/seats/HOX1-20183/",
        "notes": "",
        "screen": "Screen 3",
        "time": 1738250400000,
      },
    ],
    "title": "Nosferatu",
    "url": "https://www.curzon.com/films/nosferatu/HO00005839/?siteId=HOX1",
  },
  {
    "overview": {
      "actors": [
        "Will Sharpe",
        "Jesse Eisenberg",
        "Jennifer Grey",
        "Kieran Culkin",
        "Kurt Egyiawan",
        "Liza Sadovy",
        "Daniel Oreskes",
      ],
      "categories": [
        "Drama",
        "Comedy",
      ],
      "certification": "15",
      "directors": [
        "Jesse Eisenberg",
      ],
      "duration": 5400000,
      "trailer": "https://www.youtube.com/watch?v=lGeZQWMMDgM",
    },
    "performances": [
      {
        "bookingUrl": "https://www.curzon.com/ticketing/seats/HOX1-20061/",
        "notes": "Awards Season Screening: For more information visit curzon.com/awards-season",
        "screen": "Screen 2",
        "time": 1737656400000,
      },
      {
        "bookingUrl": "https://www.curzon.com/ticketing/seats/HOX1-20193/",
        "notes": "Awards Season Screening: For more information visit curzon.com/awards-season",
        "screen": "Screen 2",
        "time": 1737720000000,
      },
      {
        "bookingUrl": "https://www.curzon.com/ticketing/seats/HOX1-20129/",
        "notes": "Awards Season Screening: For more information visit curzon.com/awards-season
Closed Captioned: Closed Captioned screening for Hard of Hearing",
        "screen": "Screen 2",
        "time": 1737806400000,
      },
      {
        "bookingUrl": "https://www.curzon.com/ticketing/seats/HOX1-20146/",
        "notes": "Awards Season Screening: For more information visit curzon.com/awards-season
Dog Days: Weekly screenings with lowered sound, for dog owners and their canine companions. (Dog lovers without one of their own are also welcome.)",
        "screen": "Screen 2",
        "time": 1737891600000,
      },
      {
        "bookingUrl": "https://www.curzon.com/ticketing/seats/HOX1-20147/",
        "notes": "Awards Season Screening: For more information visit curzon.com/awards-season",
        "screen": "Screen 2",
        "time": 1737979200000,
      },
      {
        "bookingUrl": "https://www.curzon.com/ticketing/seats/HOX1-20165/",
        "notes": "Awards Season Screening: For more information visit curzon.com/awards-season",
        "screen": "Screen 3",
        "time": 1738185600000,
      },
      {
        "bookingUrl": "https://www.curzon.com/ticketing/seats/HOX1-20185/",
        "notes": "Awards Season Screening: For more information visit curzon.com/awards-season",
        "screen": "Screen 2",
        "time": 1738238400000,
      },
    ],
    "title": "A Real Pain",
    "url": "https://www.curzon.com/films/a-real-pain/HO00005873/?siteId=HOX1",
  },
  {
    "overview": {
      "actors": [
        "Antonio Banderas",
        "Nicole Kidman",
        "Harris Dickinson",
        "Sophie Wilde",
        "Jean Reno",
        "Anoop Desai",
      ],
      "categories": [
        "Drama",
        "Romance",
      ],
      "certification": "18",
      "directors": [
        "Halina Reijn",
      ],
      "duration": 6840000,
      "trailer": "https://www.youtube.com/watch?v=dq_bnfZy9-g",
    },
    "performances": [
      {
        "bookingUrl": "https://www.curzon.com/ticketing/seats/HOX1-20016/",
        "notes": "",
        "screen": "Screen 1",
        "time": 1737666000000,
      },
      {
        "bookingUrl": "https://www.curzon.com/ticketing/seats/HOX1-20189/",
        "notes": "",
        "screen": "Screen 3",
        "time": 1737722400000,
      },
      {
        "bookingUrl": "https://www.curzon.com/ticketing/seats/HOX1-20190/",
        "notes": "",
        "screen": "Screen 3",
        "time": 1737742800000,
      },
      {
        "bookingUrl": "https://www.curzon.com/ticketing/seats/HOX1-20137/",
        "notes": "",
        "screen": "Screen 3",
        "time": 1737809400000,
      },
      {
        "bookingUrl": "https://www.curzon.com/ticketing/seats/HOX1-20132/",
        "notes": "",
        "screen": "Screen 3",
        "time": 1737829200000,
      },
      {
        "bookingUrl": "https://www.curzon.com/ticketing/seats/HOX1-20141/",
        "notes": "",
        "screen": "Screen 3",
        "time": 1737914400000,
      },
      {
        "bookingUrl": "https://www.curzon.com/ticketing/seats/HOX1-20142/",
        "notes": "",
        "screen": "Screen 3",
        "time": 1737924000000,
      },
      {
        "bookingUrl": "https://www.curzon.com/ticketing/seats/HOX1-20151/",
        "notes": "",
        "screen": "Screen 3",
        "time": 1737981600000,
      },
      {
        "bookingUrl": "https://www.curzon.com/ticketing/seats/HOX1-20150/",
        "notes": "",
        "screen": "Screen 3",
        "time": 1738002000000,
      },
      {
        "bookingUrl": "https://www.curzon.com/ticketing/seats/HOX1-20160/",
        "notes": "",
        "screen": "Screen 1",
        "time": 1738066800000,
      },
      {
        "bookingUrl": "https://www.curzon.com/ticketing/seats/HOX1-20159/",
        "notes": "",
        "screen": "Screen 3",
        "time": 1738088400000,
      },
      {
        "bookingUrl": "https://www.curzon.com/ticketing/seats/HOX1-20169/",
        "notes": "",
        "screen": "Screen 2",
        "time": 1738150800000,
      },
      {
        "bookingUrl": "https://www.curzon.com/ticketing/seats/HOX1-20168/",
        "notes": "",
        "screen": "Screen 3",
        "time": 1738176000000,
      },
      {
        "bookingUrl": "https://www.curzon.com/ticketing/seats/HOX1-20181/",
        "notes": "",
        "screen": "Screen 3",
        "time": 1738240800000,
      },
      {
        "bookingUrl": "https://www.curzon.com/ticketing/seats/HOX1-20182/",
        "notes": "",
        "screen": "Screen 3",
        "time": 1738261200000,
      },
    ],
    "title": "Babygirl",
    "url": "https://www.curzon.com/films/babygirl/HO00005853/?siteId=HOX1",
  },
  {
    "overview": {
      "actors": [
        "Yuriy Borisov",
        "Mikey Madison",
        "Karren Karagulian",
        "Ross Brodar",
        "Ivy Wolk",
        "Lindsey Normington",
        "Mark Eydelshteyn",
        "Vache Tovmasyan",
      ],
      "categories": [
        "Drama",
      ],
      "certification": "18",
      "directors": [
        "Sean Baker",
      ],
      "duration": 8340000,
    },
    "performances": [
      {
        "bookingUrl": "https://www.curzon.com/ticketing/seats/HOX1-20192/",
        "notes": "",
        "screen": "Screen 3",
        "time": 1737732000000,
      },
      {
        "bookingUrl": "https://www.curzon.com/ticketing/seats/HOX1-20174/",
        "notes": "",
        "screen": "Screen 1",
        "time": 1737804600000,
      },
      {
        "bookingUrl": "https://www.curzon.com/ticketing/seats/HOX1-20140/",
        "notes": "",
        "screen": "Screen 3",
        "time": 1737892800000,
      },
      {
        "bookingUrl": "https://www.curzon.com/ticketing/seats/HOX1-20156/",
        "notes": "",
        "screen": "Screen 3",
        "time": 1738065600000,
      },
      {
        "bookingUrl": "https://www.curzon.com/ticketing/seats/HOX1-20184/",
        "notes": "",
        "screen": "Screen 3",
        "time": 1738270800000,
      },
    ],
    "title": "Anora",
    "url": "https://www.curzon.com/films/anora/HO00005763/?siteId=HOX1",
  },
  {
    "overview": {
      "actors": [
        "Felicity Jones",
        "Joe Alwyn",
        "Stacy Martin",
        "Alessandro Nivola",
        "Adrien Brody",
        "Raffey Cassidy",
        "Emma Laird",
        "Isaach De Bankolé",
        "Guy Pearce",
      ],
      "categories": [
        "Drama",
      ],
      "certification": "18",
      "directors": [
        "Brady Corbet",
      ],
      "duration": 12900000,
      "trailer": "https://www.youtube.com/watch?v=hNiwPU5vjCk",
    },
    "performances": [
      {
        "bookingUrl": "https://www.curzon.com/ticketing/seats/HOX1-19965/",
        "notes": "",
        "screen": "Screen 1",
        "time": 1737729600000,
      },
      {
        "bookingUrl": "https://www.curzon.com/ticketing/seats/HOX1-19964/",
        "notes": "",
        "screen": "Screen 1",
        "time": 1737745200000,
      },
      {
        "bookingUrl": "https://www.curzon.com/ticketing/seats/HOX1-19966/",
        "notes": "",
        "screen": "Screen 1",
        "time": 1737816000000,
      },
      {
        "bookingUrl": "https://www.curzon.com/ticketing/seats/HOX1-19967/",
        "notes": "",
        "screen": "Screen 1",
        "time": 1737831600000,
      },
      {
        "bookingUrl": "https://www.curzon.com/ticketing/seats/HOX1-19968/",
        "notes": "",
        "screen": "Screen 1",
        "time": 1737901200000,
      },
      {
        "bookingUrl": "https://www.curzon.com/ticketing/seats/HOX1-19969/",
        "notes": "",
        "screen": "Screen 1",
        "time": 1737916800000,
      },
      {
        "bookingUrl": "https://www.curzon.com/ticketing/seats/HOX1-20113/",
        "notes": "Awards Season Screening: For more information visit curzon.com/awards-season",
        "screen": "Screen 1",
        "time": 1737990000000,
      },
      {
        "bookingUrl": "https://www.curzon.com/ticketing/seats/HOX1-20114/",
        "notes": "Awards Season Screening: For more information visit curzon.com/awards-season",
        "screen": "Screen 1",
        "time": 1738005600000,
      },
      {
        "bookingUrl": "https://www.curzon.com/ticketing/seats/HOX1-20111/",
        "notes": "Awards Season Screening: For more information visit curzon.com/awards-season",
        "screen": "Screen 1",
        "time": 1738076400000,
      },
      {
        "bookingUrl": "https://www.curzon.com/ticketing/seats/HOX1-20112/",
        "notes": "Awards Season Screening: For more information visit curzon.com/awards-season",
        "screen": "Screen 1",
        "time": 1738092000000,
      },
      {
        "bookingUrl": "https://www.curzon.com/ticketing/seats/HOX1-20109/",
        "notes": "Awards Season Screening: For more information visit curzon.com/awards-season",
        "screen": "Screen 1",
        "time": 1738162800000,
      },
      {
        "bookingUrl": "https://www.curzon.com/ticketing/seats/HOX1-20110/",
        "notes": "Awards Season Screening: For more information visit curzon.com/awards-season",
        "screen": "Screen 1",
        "time": 1738178400000,
      },
      {
        "bookingUrl": "https://www.curzon.com/ticketing/seats/HOX1-20176/",
        "notes": "Awards Season Screening: For more information visit curzon.com/awards-season",
        "screen": "Screen 1",
        "time": 1738249200000,
      },
      {
        "bookingUrl": "https://www.curzon.com/ticketing/seats/HOX1-20175/",
        "notes": "Awards Season Screening: For more information visit curzon.com/awards-season",
        "screen": "Screen 1",
        "time": 1738264800000,
      },
    ],
    "title": "The Brutalist",
    "url": "https://www.curzon.com/films/the-brutalist/HO00005872/?siteId=HOX1",
  },
  {
    "overview": {
      "actors": [
        "Angelina Jolie",
        "Kodi Smit-McPhee",
        "Alba Rohrwacher",
        "Pierfrancesco Favino",
        "Haluk Bilginer",
        "VALERIA GOLINO",
      ],
      "categories": [
        "Drama",
      ],
      "certification": "12A",
      "directors": [
        "Pablo Larraín",
      ],
      "duration": 7380000,
      "trailer": "https://www.youtube.com/watch?v=mVIXaTdxlQc",
    },
    "performances": [
      {
        "bookingUrl": "https://www.curzon.com/ticketing/seats/HOX1-20191/",
        "notes": "",
        "screen": "Screen 3",
        "time": 1737752400000,
      },
      {
        "bookingUrl": "https://www.curzon.com/ticketing/seats/HOX1-20131/",
        "notes": "",
        "screen": "Screen 3",
        "time": 1737819000000,
      },
      {
        "bookingUrl": "https://www.curzon.com/ticketing/seats/HOX1-20138/",
        "notes": "",
        "screen": "Screen 1",
        "time": 1737890400000,
      },
      {
        "bookingUrl": "https://www.curzon.com/ticketing/seats/HOX1-20149/",
        "notes": "",
        "screen": "Screen 3",
        "time": 1737991800000,
      },
      {
        "bookingUrl": "https://www.curzon.com/ticketing/seats/HOX1-20158/",
        "notes": "",
        "screen": "Screen 3",
        "time": 1738098000000,
      },
      {
        "bookingUrl": "https://www.curzon.com/ticketing/seats/HOX1-20167/",
        "notes": "",
        "screen": "Screen 3",
        "time": 1738165800000,
      },
    ],
    "title": "Maria",
    "url": "https://www.curzon.com/films/maria/HO00005855/?siteId=HOX1",
  },
  {
    "overview": {
      "actors": [],
      "categories": [
        "Comedy",
        "Family",
        "Animation",
      ],
      "certification": "PG",
      "directors": [
        "Pablo Berger",
      ],
      "duration": 5400000,
    },
    "performances": [
      {
        "bookingUrl": "https://www.curzon.com/ticketing/seats/HOX1-20194/",
        "notes": "Kids Club: A regular screening for parents or guardians with children between 1 and 12 years of age. Adults without a child will not be allowed to purchase a ticket to a ‘Kids' Club’ screening.",
        "screen": "Screen 3",
        "time": 1737801000000,
      },
    ],
    "title": "Kids Club: Robot Dreams",
    "url": "https://www.curzon.com/films/kids-club-robot-dreams/HO00005090/?siteId=HOX1",
  },
  {
    "overview": {
      "actors": [
        "John Magaro",
        "Peter Sarsgaard",
        "Leonie Benesch",
        "Ben Chaplin",
        "Zinedine Soualem",
        "Georgina Rich",
        "Corey Johnson",
        "Marcus Rutherford",
        "Daniel Adeosun",
        "Benjamin Walker",
        "Ferdinand Dörfler",
      ],
      "categories": [
        "Drama",
      ],
      "certification": "15",
      "directors": [
        "Tim Fehlbaum",
      ],
      "duration": 5700000,
      "trailer": "https://www.youtube.com/watch?v=GGBpfkrr8Ms",
    },
    "performances": [
      {
        "bookingUrl": "https://www.curzon.com/ticketing/seats/HOX1-20195/",
        "notes": "Members preview: Members' only preview screening.
Special Preview: Special Preview Screening",
        "screen": "Screen 3",
        "time": 1738693200000,
      },
    ],
    "title": "September 5",
    "url": "https://www.curzon.com/films/september-5/HO00005877/?siteId=HOX1",
  },
  {
    "overview": {
      "actors": [
        "Dave Bautista",
        "Jamie Lee Curtis",
        "Billie Lourd",
        "Kiernan Shipka",
        "Pamela Anderson",
        "Brenda Song",
      ],
      "categories": [
        "Drama",
      ],
      "directors": [
        "Gia Coppola",
      ],
      "duration": 5100000,
      "trailer": "https://www.youtube.com/watch?v=r4xpoKBKrpo",
    },
    "performances": [
      {
        "bookingUrl": "https://www.curzon.com/ticketing/seats/HOX1-19667/",
        "notes": "Recorded Performance: Prerecorded Q&A",
        "screen": "Screen 1",
        "time": 1739220000000,
      },
    ],
    "title": "The Last Showgirl",
    "url": "https://www.curzon.com/films/the-last-showgirl/HO00005898/?siteId=HOX1",
  },
  {
    "overview": {
      "actors": [
        "Emma Thompson",
        "Hugh Grant",
        "Chiwetel Ejiofor",
        "Renée Zellweger",
        "Leo Woodall",
      ],
      "categories": [
        "Drama",
        "Comedy",
      ],
      "directors": [
        "Michael Morris",
      ],
      "duration": 7500000,
      "trailer": "https://www.youtube.com/watch?v=fc5zbSCgudA",
    },
    "performances": [
      {
        "bookingUrl": "https://www.curzon.com/ticketing/seats/HOX1-20079/",
        "notes": "",
        "screen": "Screen 1",
        "time": 1739534400000,
      },
      {
        "bookingUrl": "https://www.curzon.com/ticketing/seats/HOX1-20078/",
        "notes": "",
        "screen": "Screen 1",
        "time": 1739544600000,
      },
      {
        "bookingUrl": "https://www.curzon.com/ticketing/seats/HOX1-20077/",
        "notes": "",
        "screen": "Screen 1",
        "time": 1739554800000,
      },
      {
        "bookingUrl": "https://www.curzon.com/ticketing/seats/HOX1-20076/",
        "notes": "",
        "screen": "Screen 1",
        "time": 1739565000000,
      },
      {
        "bookingUrl": "https://www.curzon.com/ticketing/seats/HOX1-20096/",
        "notes": "",
        "screen": "Screen 1",
        "time": 1739620800000,
      },
      {
        "bookingUrl": "https://www.curzon.com/ticketing/seats/HOX1-20097/",
        "notes": "",
        "screen": "Screen 1",
        "time": 1739631000000,
      },
      {
        "bookingUrl": "https://www.curzon.com/ticketing/seats/HOX1-20098/",
        "notes": "",
        "screen": "Screen 1",
        "time": 1739641200000,
      },
      {
        "bookingUrl": "https://www.curzon.com/ticketing/seats/HOX1-20099/",
        "notes": "",
        "screen": "Screen 1",
        "time": 1739651400000,
      },
      {
        "bookingUrl": "https://www.curzon.com/ticketing/seats/HOX1-20103/",
        "notes": "",
        "screen": "Screen 1",
        "time": 1739707200000,
      },
      {
        "bookingUrl": "https://www.curzon.com/ticketing/seats/HOX1-20102/",
        "notes": "",
        "screen": "Screen 1",
        "time": 1739717400000,
      },
      {
        "bookingUrl": "https://www.curzon.com/ticketing/seats/HOX1-20101/",
        "notes": "",
        "screen": "Screen 1",
        "time": 1739727600000,
      },
      {
        "bookingUrl": "https://www.curzon.com/ticketing/seats/HOX1-20100/",
        "notes": "",
        "screen": "Screen 1",
        "time": 1739737800000,
      },
      {
        "bookingUrl": "https://www.curzon.com/ticketing/seats/HOX1-20083/",
        "notes": "",
        "screen": "Screen 1",
        "time": 1739796000000,
      },
      {
        "bookingUrl": "https://www.curzon.com/ticketing/seats/HOX1-20082/",
        "notes": "",
        "screen": "Screen 1",
        "time": 1739806200000,
      },
      {
        "bookingUrl": "https://www.curzon.com/ticketing/seats/HOX1-20081/",
        "notes": "",
        "screen": "Screen 1",
        "time": 1739816400000,
      },
      {
        "bookingUrl": "https://www.curzon.com/ticketing/seats/HOX1-20080/",
        "notes": "",
        "screen": "Screen 1",
        "time": 1739826600000,
      },
      {
        "bookingUrl": "https://www.curzon.com/ticketing/seats/HOX1-20084/",
        "notes": "",
        "screen": "Screen 1",
        "time": 1739882400000,
      },
      {
        "bookingUrl": "https://www.curzon.com/ticketing/seats/HOX1-20085/",
        "notes": "",
        "screen": "Screen 1",
        "time": 1739892600000,
      },
      {
        "bookingUrl": "https://www.curzon.com/ticketing/seats/HOX1-20086/",
        "notes": "",
        "screen": "Screen 1",
        "time": 1739902800000,
      },
      {
        "bookingUrl": "https://www.curzon.com/ticketing/seats/HOX1-20087/",
        "notes": "",
        "screen": "Screen 1",
        "time": 1739913000000,
      },
      {
        "bookingUrl": "https://www.curzon.com/ticketing/seats/HOX1-20092/",
        "notes": "",
        "screen": "Screen 1",
        "time": 1740055200000,
      },
      {
        "bookingUrl": "https://www.curzon.com/ticketing/seats/HOX1-20093/",
        "notes": "",
        "screen": "Screen 1",
        "time": 1740065400000,
      },
      {
        "bookingUrl": "https://www.curzon.com/ticketing/seats/HOX1-20094/",
        "notes": "",
        "screen": "Screen 1",
        "time": 1740075600000,
      },
      {
        "bookingUrl": "https://www.curzon.com/ticketing/seats/HOX1-20095/",
        "notes": "",
        "screen": "Screen 1",
        "time": 1740085800000,
      },
    ],
    "title": "Bridget Jones: Mad About the Boy",
    "url": "https://www.curzon.com/films/bridget-jones-mad-about-the-boy/HO00005909/?siteId=HOX1",
  },
  {
    "overview": {
      "actors": [
        "Stanley Holloway",
        "Trevor Howard",
        "Celia Johnson",
        "Joyce Carey",
        "Cyril Raymond",
        "Everley Gregg",
        "Margaret Barton",
      ],
      "categories": [
        "Drama",
        "Romance",
      ],
      "directors": [
        "David Lean",
      ],
      "duration": 5160000,
    },
    "performances": [
      {
        "bookingUrl": "https://www.curzon.com/ticketing/seats/HOX1-19971/",
        "notes": "Valentine's Day: Special Valentine's Day Screening",
        "screen": "Screen 2",
        "time": 1739557200000,
      },
    ],
    "title": "Brief Encounter (80th Anniversary)",
    "url": "https://www.curzon.com/films/brief-encounter-80th-anniversary/HO00005913/?siteId=HOX1",
  },
]
`;
