// Jest Snapshot v1, https://goo.gl/fbAQLP

exports[`Everyman Screen on the Green retrieve and transform 1`] = `
[
  {
    "overview": {
      "actors": [
        "Timothée Chalamet",
        "Edward Norton",
        "Elle Fanning",
        "Monica Barbaro",
        "Boyd Holbrook",
        "Dan Fogler",
        "Norbert Leo Butz",
        "Nick Offerman",
        "P.J. Byrne",
        "Scoot McNairy",
      ],
      "categories": [
        "Biopic",
        "Music",
        "Drama",
      ],
      "classification": "15",
      "directors": [
        "James Mangold",
      ],
      "duration": 8400000,
      "trailer": "https://www.youtube.com/watch?v=FdV-Cs5o8mc",
    },
    "performances": [
      {
        "bookingUrl": "https://purchase.everymancinema.com/startticketing/1004/24095",
        "notes": "47% of seats sold",
        "time": 1737663300000,
      },
      {
        "bookingUrl": "https://purchase.everymancinema.com/startticketing/1004/24132",
        "notes": "13% of seats sold",
        "time": 1737734400000,
      },
      {
        "bookingUrl": "https://purchase.everymancinema.com/startticketing/1004/24135",
        "notes": "34% of seats sold",
        "time": 1737820800000,
      },
      {
        "bookingUrl": "https://purchase.everymancinema.com/startticketing/1004/24139",
        "notes": "5% of seats sold",
        "time": 1737923400000,
      },
      {
        "bookingUrl": "https://purchase.everymancinema.com/startticketing/1004/24141",
        "notes": "3% of seats sold",
        "time": 1737993600000,
      },
      {
        "bookingUrl": "https://purchase.everymancinema.com/startticketing/1004/24143",
        "notes": "8% of seats sold
A ticket includes one seat for you and one for your baby under 12 months, plus a complimentary hot drink and a slice of cake",
        "time": 1738062900000,
      },
      {
        "bookingUrl": "https://purchase.everymancinema.com/startticketing/1004/24147",
        "notes": "2% of seats sold",
        "time": 1738166400000,
      },
      {
        "bookingUrl": "https://purchase.everymancinema.com/startticketing/1004/24151",
        "notes": "0% of seats sold",
        "time": 1738269000000,
      },
    ],
    "title": "A Complete Unknown",
    "url": "https://www.everymancinema.com/film-listing/280195-a-complete-unknown",
  },
  {
    "overview": {
      "actors": [
        "Led Zeppelin",
      ],
      "categories": [
        "Documentary",
        "Music",
      ],
      "directors": [
        "Bernard MacMahon",
      ],
      "duration": 7320000,
      "trailer": "https://www.youtube.com/watch?v=EDKC77QS8WM",
    },
    "performances": [
      {
        "bookingUrl": "https://purchase.everymancinema.com/startticketing/1004/24130",
        "notes": "0% of seats sold",
        "time": 1741293000000,
      },
    ],
    "title": "Becoming Led Zeppelin",
    "url": "https://www.everymancinema.com/film-listing/295068-becoming-led-zeppelin",
  },
  {
    "overview": {
      "actors": [
        "Renée Zellweger",
        "Chiwetel Ejiofor",
        "Leo Woodall",
        "Hugh Grant",
        "Emma Thompson",
        "Isla Fisher",
        "Nico Parker",
        "Josette Simon",
        "Leila Farzad",
        "Sarah Solemani",
      ],
      "categories": [
        "Comedy",
        "Romance",
      ],
      "directors": [
        "Michael Morris",
      ],
      "duration": 7440000,
      "trailer": "https://www.youtube.com/watch?v=AZr9lYz12jw",
    },
    "performances": [
      {
        "bookingUrl": "https://purchase.everymancinema.com/startticketing/1004/24129",
        "notes": "9% of seats sold",
        "time": 1739478600000,
      },
      {
        "bookingUrl": "https://purchase.everymancinema.com/startticketing/1004/24101",
        "notes": "7% of seats sold",
        "time": 1739554200000,
      },
      {
        "bookingUrl": "https://purchase.everymancinema.com/startticketing/1004/24102",
        "notes": "20% of seats sold",
        "time": 1739565000000,
      },
      {
        "bookingUrl": "https://purchase.everymancinema.com/startticketing/1004/24105",
        "notes": "14% of seats sold",
        "time": 1739639700000,
      },
      {
        "bookingUrl": "https://purchase.everymancinema.com/startticketing/1004/24106",
        "notes": "5% of seats sold",
        "time": 1739650500000,
      },
      {
        "bookingUrl": "https://purchase.everymancinema.com/startticketing/1004/24109",
        "notes": "2% of seats sold",
        "time": 1739725200000,
      },
      {
        "bookingUrl": "https://purchase.everymancinema.com/startticketing/1004/24110",
        "notes": "0% of seats sold",
        "time": 1739736000000,
      },
      {
        "bookingUrl": "https://purchase.everymancinema.com/startticketing/1004/24114",
        "notes": "0% of seats sold",
        "time": 1739824200000,
      },
      {
        "bookingUrl": "https://purchase.everymancinema.com/startticketing/1004/24118",
        "notes": "0% of seats sold",
        "time": 1739910600000,
      },
      {
        "bookingUrl": "https://purchase.everymancinema.com/startticketing/1004/24122",
        "notes": "2% of seats sold",
        "time": 1739997000000,
      },
    ],
    "title": "Bridget Jones: Mad About the Boy",
    "url": "https://www.everymancinema.com/film-listing/1000000866-bridget-jones-mad-about-the-boy",
  },
  {
    "overview": {
      "actors": [],
      "categories": [],
      "classification": "15",
      "directors": [],
    },
    "performances": [
      {
        "bookingUrl": "https://purchase.everymancinema.com/startticketing/1004/24097",
        "notes": "0% of seats sold",
        "time": 1738602000000,
      },
    ],
    "title": "Members’ Preview: September 5",
    "url": "https://www.everymancinema.com/film-listing/1000018250-members-preview-september-5",
  },
  {
    "overview": {
      "actors": [
        "Ncuti Gatwa",
        "Hugh Skinner",
        "Sharon D. Clarke",
        "Ronke Adekoluejo",
        "Julian Bleach",
        "Shereener Browne",
        "Richard Cant",
        "Jasmine Kerr",
        "Amanda Lawrence",
        "Gillian McCafferty",
      ],
      "categories": [
        "Musical",
      ],
      "directors": [
        "Max Webster",
      ],
      "duration": 10800000,
      "trailer": "https://www.youtube.com/watch?v=aIAF60jBpbo",
    },
    "performances": [
      {
        "bookingUrl": "https://purchase.everymancinema.com/startticketing/1004/23481",
        "notes": "17% of seats sold",
        "time": 1740081600000,
      },
      {
        "bookingUrl": "https://purchase.everymancinema.com/startticketing/1004/23482",
        "notes": "1% of seats sold",
        "time": 1740574800000,
      },
    ],
    "title": "NT Live: The Importance of Being Earnest",
    "url": "https://www.everymancinema.com/film-listing/1000010290-nt-live-the-importance-of-being-earnest",
  },
  {
    "overview": {
      "actors": [
        "Steve Coogan",
        "Giles Terera",
      ],
      "categories": [
        "Musical",
      ],
      "directors": [
        "Sean Foley",
      ],
      "duration": 9000000,
    },
    "performances": [
      {
        "bookingUrl": "https://purchase.everymancinema.com/startticketing/1004/23924",
        "notes": "7% of seats sold",
        "time": 1743103800000,
      },
    ],
    "title": "National Theatre Live: Dr. Strangelove",
    "url": "https://www.everymancinema.com/film-listing/1000015783-national-theatre-live-dr-strangelove",
  },
  {
    "overview": {
      "actors": [
        "Adrien Brody",
        "Felicity Jones",
        "Guy Pearce",
        "Joe Alwyn",
        "Raffey Cassidy",
        "Stacy Martin",
        "Isaach de Bankolé",
        "Alessandro Nivola",
        "Emma Laird",
        "Jonathan Hyde",
      ],
      "categories": [
        "Drama",
        "Romance",
      ],
      "classification": "18",
      "directors": [
        "Brady Corbet",
      ],
      "duration": 12840000,
    },
    "performances": [
      {
        "bookingUrl": "https://purchase.everymancinema.com/startticketing/1004/24131",
        "notes": "5% of seats sold",
        "time": 1737718200000,
      },
      {
        "bookingUrl": "https://purchase.everymancinema.com/startticketing/1004/24133",
        "notes": "35% of seats sold",
        "time": 1737746100000,
      },
      {
        "bookingUrl": "https://purchase.everymancinema.com/startticketing/1004/24134",
        "notes": "7% of seats sold",
        "time": 1737804600000,
      },
      {
        "bookingUrl": "https://purchase.everymancinema.com/startticketing/1004/24136",
        "notes": "68% of seats sold",
        "time": 1737832500000,
      },
      {
        "bookingUrl": "https://purchase.everymancinema.com/startticketing/1004/24137",
        "notes": "7% of seats sold",
        "time": 1737891000000,
      },
      {
        "bookingUrl": "https://purchase.everymancinema.com/startticketing/1004/24138",
        "notes": "29% of seats sold",
        "time": 1737907200000,
      },
      {
        "bookingUrl": "https://purchase.everymancinema.com/startticketing/1004/24140",
        "notes": "3% of seats sold",
        "time": 1737977400000,
      },
      {
        "bookingUrl": "https://purchase.everymancinema.com/startticketing/1004/24142",
        "notes": "12% of seats sold",
        "time": 1738005300000,
      },
      {
        "bookingUrl": "https://purchase.everymancinema.com/startticketing/1004/24144",
        "notes": "0% of seats sold",
        "time": 1738075500000,
      },
      {
        "bookingUrl": "https://purchase.everymancinema.com/startticketing/1004/24145",
        "notes": "0% of seats sold",
        "time": 1738091700000,
      },
      {
        "bookingUrl": "https://purchase.everymancinema.com/startticketing/1004/24146",
        "notes": "2% of seats sold
Reduced ticket price for guests aged 55 and over, including a complimentary hot drink and a slice of cake",
        "time": 1738150200000,
      },
      {
        "bookingUrl": "https://purchase.everymancinema.com/startticketing/1004/24148",
        "notes": "2% of seats sold",
        "time": 1738178100000,
      },
      {
        "bookingUrl": "https://purchase.everymancinema.com/startticketing/1004/24149",
        "notes": "1% of seats sold",
        "time": 1738236600000,
      },
      {
        "bookingUrl": "https://purchase.everymancinema.com/startticketing/1004/24150",
        "notes": "2% of seats sold
This feature is Subtitled in English",
        "time": 1738252800000,
      },
    ],
    "title": "The Brutalist",
    "url": "https://www.everymancinema.com/film-listing/269838-the-brutalist",
  },
]
`;
